// Jest Snapshot v1, https://goo.gl/fbAQLP

exports[`SessionMgrService activateNextBlock allows activating the first question block 1`] = `

    SESSION

    Name: testing session
    Status: RUNNING

    ActiveBlock: 0
    ActiveStep: 1
    ActiveInstances: 1

    Blocks: [{
      Show solutions: false
      Status: ACTIVE
      Time limit: -1
      Number of instances: 1
    }]

    ConfusionTS: []

    Feedbacks: []

    Settings: {
      ConfusionActive: false
      FeedbacksActive: false
      FeedbacksPublic: false
    }
`;

exports[`SessionMgrService activateNextBlock allows activating the first question block 2`] = `
Array [
  
    QUESTION_INSTANCE

    isOpen: true
    version: 0

    responses: []

    results: undefined
  ,
]
`;

exports[`SessionMgrService activateNextBlock has a valid initial state 1`] = `

    SESSION

    Name: testing session
    Status: RUNNING

    ActiveBlock: -1
    ActiveStep: 0
    ActiveInstances: 0

    Blocks: [{
      Show solutions: false
      Status: PLANNED
      Time limit: -1
      Number of instances: 1
    }]

    ConfusionTS: []

    Feedbacks: []

    Settings: {
      ConfusionActive: false
      FeedbacksActive: false
      FeedbacksPublic: false
    }
`;

exports[`SessionMgrService activateNextBlock has a valid initial state 2`] = `
Array [
  
    QUESTION_INSTANCE

    isOpen: false
    version: 0

    responses: []

    results: undefined
  ,
]
`;

exports[`SessionMgrService activateNextBlock recognizes that the final block has been active 1`] = `

    SESSION

    Name: testing session
    Status: RUNNING

    ActiveBlock: 0
    ActiveStep: 2
    ActiveInstances: 0

    Blocks: [{
      Show solutions: false
      Status: EXECUTED
      Time limit: -1
      Number of instances: 1
    }]

    ConfusionTS: []

    Feedbacks: []

    Settings: {
      ConfusionActive: false
      FeedbacksActive: false
      FeedbacksPublic: false
    }
`;

exports[`SessionMgrService activateNextBlock recognizes that the final block has been active 2`] = `
Array [
  
    QUESTION_INSTANCE

    isOpen: true
    version: 0

    responses: []

    results: undefined
  ,
]
`;

exports[`SessionMgrService createSession allows creating a valid session 1`] = `

    SESSION

    Name: hello world
    Status: CREATED

    ActiveBlock: -1
    ActiveStep: 0
    ActiveInstances: 0

    Blocks: [{
      Show solutions: false
      Status: PLANNED
      Time limit: -1
      Number of instances: 2
    },{
      Show solutions: false
      Status: PLANNED
      Time limit: -1
      Number of instances: 2
    }]

    ConfusionTS: []

    Feedbacks: []

    Settings: {
      ConfusionActive: false
      FeedbacksActive: false
      FeedbacksPublic: false
    }
`;

exports[`SessionMgrService createSession allows creating sessions without question blocks 1`] = `

    SESSION

    Name: empty feedback session
    Status: CREATED

    ActiveBlock: -1
    ActiveStep: 0
    ActiveInstances: 0

    Blocks: []

    ConfusionTS: []

    Feedbacks: []

    Settings: {
      ConfusionActive: false
      FeedbacksActive: false
      FeedbacksPublic: false
    }
`;

exports[`SessionMgrService createSession skips over question blocks without questions 1`] = `

    SESSION

    Name: session with an empty block
    Status: CREATED

    ActiveBlock: -1
    ActiveStep: 0
    ActiveInstances: 0

    Blocks: [{
      Show solutions: false
      Status: PLANNED
      Time limit: -1
      Number of instances: 2
    },{
      Show solutions: false
      Status: PLANNED
      Time limit: -1
      Number of instances: 2
    }]

    ConfusionTS: []

    Feedbacks: []

    Settings: {
      ConfusionActive: false
      FeedbacksActive: false
      FeedbacksPublic: false
    }
`;

exports[`SessionMgrService endSession allows ending a running session 1`] = `

    SESSION

    Name: testing session
    Status: COMPLETED

    ActiveBlock: -1
    ActiveStep: 0
    ActiveInstances: 0

    Blocks: [{
      Show solutions: false
      Status: PLANNED
      Time limit: -1
      Number of instances: 1
    }]

    ConfusionTS: []

    Feedbacks: []

    Settings: {
      ConfusionActive: false
      FeedbacksActive: false
      FeedbacksPublic: false
    }
`;

exports[`SessionMgrService endSession returns on an already completed session 1`] = `

    SESSION

    Name: testing session
    Status: COMPLETED

    ActiveBlock: -1
    ActiveStep: 0
    ActiveInstances: 0

    Blocks: [{
      Show solutions: false
      Status: PLANNED
      Time limit: -1
      Number of instances: 1
    }]

    ConfusionTS: []

    Feedbacks: []

    Settings: {
      ConfusionActive: false
      FeedbacksActive: false
      FeedbacksPublic: false
    }
`;

exports[`SessionMgrService modifySession allows modifying a session 1`] = `

    SESSION

    Name: modified hello world
    Status: CREATED

    ActiveBlock: -1
    ActiveStep: 0
    ActiveInstances: 0

    Blocks: [{
      Show solutions: false
      Status: PLANNED
      Time limit: -1
      Number of instances: 1
    },{
      Show solutions: false
      Status: PLANNED
      Time limit: -1
      Number of instances: 3
    }]

    ConfusionTS: []

    Feedbacks: []

    Settings: {
      ConfusionActive: false
      FeedbacksActive: false
      FeedbacksPublic: false
    }
`;

exports[`SessionMgrService startSession allows starting a created session 1`] = `

    SESSION

    Name: testing session
    Status: RUNNING

    ActiveBlock: -1
    ActiveStep: 0
    ActiveInstances: 0

    Blocks: [{
      Show solutions: false
      Status: PLANNED
      Time limit: -1
      Number of instances: 1
    }]

    ConfusionTS: []

    Feedbacks: []

    Settings: {
      ConfusionActive: false
      FeedbacksActive: false
      FeedbacksPublic: false
    }
`;

exports[`SessionMgrService updateSessionSettings allows changing all settings at once 1`] = `

    SESSION

    Name: testing session
    Status: RUNNING

    ActiveBlock: -1
    ActiveStep: 0
    ActiveInstances: 0

    Blocks: [{
      Show solutions: false
      Status: PLANNED
      Time limit: -1
      Number of instances: 1
    }]

    ConfusionTS: []

    Feedbacks: []

    Settings: {
      ConfusionActive: false
      FeedbacksActive: false
      FeedbacksPublic: false
    }
`;

exports[`SessionMgrService updateSessionSettings allows changing each setting separately 1`] = `

    SESSION

    Name: testing session
    Status: RUNNING

    ActiveBlock: -1
    ActiveStep: 0
    ActiveInstances: 0

    Blocks: [{
      Show solutions: false
      Status: PLANNED
      Time limit: -1
      Number of instances: 1
    }]

    ConfusionTS: []

    Feedbacks: []

    Settings: {
      ConfusionActive: true
      FeedbacksActive: false
      FeedbacksPublic: false
    }
`;

exports[`SessionMgrService updateSessionSettings allows changing each setting separately 2`] = `

    SESSION

    Name: testing session
    Status: RUNNING

    ActiveBlock: -1
    ActiveStep: 0
    ActiveInstances: 0

    Blocks: [{
      Show solutions: false
      Status: PLANNED
      Time limit: -1
      Number of instances: 1
    }]

    ConfusionTS: []

    Feedbacks: []

    Settings: {
      ConfusionActive: true
      FeedbacksActive: true
      FeedbacksPublic: false
    }
`;

exports[`SessionMgrService updateSessionSettings allows changing each setting separately 3`] = `

    SESSION

    Name: testing session
    Status: RUNNING

    ActiveBlock: -1
    ActiveStep: 0
    ActiveInstances: 0

    Blocks: [{
      Show solutions: false
      Status: PLANNED
      Time limit: -1
      Number of instances: 1
    }]

    ConfusionTS: []

    Feedbacks: []

    Settings: {
      ConfusionActive: true
      FeedbacksActive: true
      FeedbacksPublic: true
    }
`;

exports[`SessionMgrService updateSessionSettings allows changing each setting separately 4`] = `

    SESSION

    Name: testing session
    Status: RUNNING

    ActiveBlock: -1
    ActiveStep: 0
    ActiveInstances: 0

    Blocks: [{
      Show solutions: false
      Status: PLANNED
      Time limit: -1
      Number of instances: 1
    }]

    ConfusionTS: []

    Feedbacks: []

    Settings: {
      ConfusionActive: false
      FeedbacksActive: true
      FeedbacksPublic: true
    }
`;

exports[`SessionMgrService updateSessionSettings allows changing each setting separately 5`] = `

    SESSION

    Name: testing session
    Status: RUNNING

    ActiveBlock: -1
    ActiveStep: 0
    ActiveInstances: 0

    Blocks: [{
      Show solutions: false
      Status: PLANNED
      Time limit: -1
      Number of instances: 1
    }]

    ConfusionTS: []

    Feedbacks: []

    Settings: {
      ConfusionActive: false
      FeedbacksActive: false
      FeedbacksPublic: false
    }
`;
